=== RUN   TestMNISTDecaySweep
    mnist_decay_sweep_test.go:29: Loaded 60000 training, 10000 test samples
    mnist_decay_sweep_test.go:63: 
        ========== DECAY RATE SWEEP ==========
    mnist_decay_sweep_test.go:64: Architecture: 784 → 512 (30% sparse) → 10
    mnist_decay_sweep_test.go:65: Fixed 20 epochs per config, Adam + LR decay every 15
    mnist_decay_sweep_test.go:66: Mini-batch: size=16, workers=10 (relative comparison)
    mnist_decay_sweep_test.go:67: ======================================
    mnist_decay_sweep_test.go:81: 
        --- Running: β=0.50 (very leaky) (uint16=32768) ---
    mnist_decay_sweep_test.go:212:   Epoch 1: acc=9.80% (best=9.80%), avgLoss=2.3026, lr=0.001000
    mnist_decay_sweep_test.go:212:   Epoch 2: acc=9.80% (best=9.80%), avgLoss=2.3026, lr=0.001000
    mnist_decay_sweep_test.go:212:   Epoch 3: acc=9.80% (best=9.80%), avgLoss=2.3026, lr=0.001000
    mnist_decay_sweep_test.go:212:   Epoch 4: acc=9.80% (best=9.80%), avgLoss=2.3026, lr=0.001000
    mnist_decay_sweep_test.go:212:   Epoch 5: acc=9.80% (best=9.80%), avgLoss=2.3026, lr=0.001000
    mnist_decay_sweep_test.go:212:   Epoch 6: acc=9.80% (best=9.80%), avgLoss=2.3026, lr=0.001000
    mnist_decay_sweep_test.go:212:   Epoch 7: acc=9.80% (best=9.80%), avgLoss=2.3026, lr=0.001000
    mnist_decay_sweep_test.go:212:   Epoch 8: acc=9.80% (best=9.80%), avgLoss=2.3026, lr=0.001000
    mnist_decay_sweep_test.go:212:   Epoch 9: acc=9.80% (best=9.80%), avgLoss=2.3026, lr=0.001000
    mnist_decay_sweep_test.go:212:   Epoch 10: acc=9.80% (best=9.80%), avgLoss=2.3026, lr=0.001000
    mnist_decay_sweep_test.go:212:   Epoch 11: acc=9.80% (best=9.80%), avgLoss=2.3026, lr=0.001000
    mnist_decay_sweep_test.go:212:   Epoch 12: acc=9.80% (best=9.80%), avgLoss=2.3026, lr=0.001000
    mnist_decay_sweep_test.go:212:   Epoch 13: acc=9.80% (best=9.80%), avgLoss=2.3026, lr=0.001000
    mnist_decay_sweep_test.go:212:   Epoch 14: acc=9.80% (best=9.80%), avgLoss=2.3026, lr=0.001000
    mnist_decay_sweep_test.go:212:   Epoch 15: acc=9.80% (best=9.80%), avgLoss=2.3026, lr=0.001000
    mnist_decay_sweep_test.go:212:   Epoch 16: acc=9.80% (best=9.80%), avgLoss=2.3026, lr=0.000500
    mnist_decay_sweep_test.go:212:   Epoch 17: acc=9.80% (best=9.80%), avgLoss=2.3026, lr=0.000500
    mnist_decay_sweep_test.go:212:   Epoch 18: acc=9.80% (best=9.80%), avgLoss=2.3026, lr=0.000500
    mnist_decay_sweep_test.go:212:   Epoch 19: acc=9.80% (best=9.80%), avgLoss=2.3026, lr=0.000500
    mnist_decay_sweep_test.go:212:   Epoch 20: acc=9.80% (best=9.80%), avgLoss=2.3026, lr=0.000500
    mnist_decay_sweep_test.go:217: --- β=0.50 (very leaky): best=9.80% ---
    mnist_decay_sweep_test.go:81: 
        --- Running: β=0.61 (leaky) (uint16=40000) ---
    mnist_decay_sweep_test.go:212:   Epoch 1: acc=81.16% (best=81.16%), avgLoss=0.7094, lr=0.001000
    mnist_decay_sweep_test.go:212:   Epoch 2: acc=77.88% (best=81.16%), avgLoss=0.5239, lr=0.001000
    mnist_decay_sweep_test.go:212:   Epoch 3: acc=78.85% (best=81.16%), avgLoss=0.4925, lr=0.001000
    mnist_decay_sweep_test.go:212:   Epoch 4: acc=79.90% (best=81.16%), avgLoss=0.4485, lr=0.001000
    mnist_decay_sweep_test.go:212:   Epoch 5: acc=81.77% (best=81.77%), avgLoss=0.3939, lr=0.001000
    mnist_decay_sweep_test.go:212:   Epoch 6: acc=87.59% (best=87.59%), avgLoss=0.3488, lr=0.001000
    mnist_decay_sweep_test.go:212:   Epoch 7: acc=87.23% (best=87.59%), avgLoss=0.3094, lr=0.001000
    mnist_decay_sweep_test.go:212:   Epoch 8: acc=88.80% (best=88.80%), avgLoss=0.2804, lr=0.001000
    mnist_decay_sweep_test.go:212:   Epoch 9: acc=90.63% (best=90.63%), avgLoss=0.2524, lr=0.001000
    mnist_decay_sweep_test.go:212:   Epoch 10: acc=89.28% (best=90.63%), avgLoss=0.2400, lr=0.001000
    mnist_decay_sweep_test.go:212:   Epoch 11: acc=90.59% (best=90.63%), avgLoss=0.2116, lr=0.001000
    mnist_decay_sweep_test.go:212:   Epoch 12: acc=90.39% (best=90.63%), avgLoss=0.1923, lr=0.001000
    mnist_decay_sweep_test.go:212:   Epoch 13: acc=91.12% (best=91.12%), avgLoss=0.1834, lr=0.001000
    mnist_decay_sweep_test.go:212:   Epoch 14: acc=90.07% (best=91.12%), avgLoss=0.1678, lr=0.001000
    mnist_decay_sweep_test.go:212:   Epoch 15: acc=91.66% (best=91.66%), avgLoss=0.1627, lr=0.001000
    mnist_decay_sweep_test.go:212:   Epoch 16: acc=92.39% (best=92.39%), avgLoss=0.1318, lr=0.000500
    mnist_decay_sweep_test.go:212:   Epoch 17: acc=92.32% (best=92.39%), avgLoss=0.1134, lr=0.000500
    mnist_decay_sweep_test.go:212:   Epoch 18: acc=92.67% (best=92.67%), avgLoss=0.1050, lr=0.000500
    mnist_decay_sweep_test.go:212:   Epoch 19: acc=93.12% (best=93.12%), avgLoss=0.0966, lr=0.000500
    mnist_decay_sweep_test.go:212:   Epoch 20: acc=93.22% (best=93.22%), avgLoss=0.0884, lr=0.000500
    mnist_decay_sweep_test.go:217: --- β=0.61 (leaky): best=93.22% ---
    mnist_decay_sweep_test.go:81: 
        --- Running: β=0.76 (current default) (uint16=50000) ---
    mnist_decay_sweep_test.go:212:   Epoch 1: acc=90.21% (best=90.21%), avgLoss=0.5665, lr=0.001000
    mnist_decay_sweep_test.go:212:   Epoch 2: acc=88.80% (best=90.21%), avgLoss=0.3406, lr=0.001000
    mnist_decay_sweep_test.go:212:   Epoch 3: acc=92.59% (best=92.59%), avgLoss=0.2987, lr=0.001000
    mnist_decay_sweep_test.go:212:   Epoch 4: acc=92.33% (best=92.59%), avgLoss=0.2356, lr=0.001000
    mnist_decay_sweep_test.go:212:   Epoch 5: acc=91.27% (best=92.59%), avgLoss=0.2107, lr=0.001000
    mnist_decay_sweep_test.go:212:   Epoch 6: acc=91.60% (best=92.59%), avgLoss=0.1848, lr=0.001000
    mnist_decay_sweep_test.go:212:   Epoch 7: acc=93.17% (best=93.17%), avgLoss=0.1745, lr=0.001000
    mnist_decay_sweep_test.go:212:   Epoch 8: acc=93.89% (best=93.89%), avgLoss=0.1500, lr=0.001000
    mnist_decay_sweep_test.go:212:   Epoch 9: acc=94.29% (best=94.29%), avgLoss=0.1400, lr=0.001000
    mnist_decay_sweep_test.go:212:   Epoch 10: acc=92.93% (best=94.29%), avgLoss=0.1476, lr=0.001000
    mnist_decay_sweep_test.go:212:   Epoch 11: acc=93.33% (best=94.29%), avgLoss=0.1426, lr=0.001000
    mnist_decay_sweep_test.go:212:   Epoch 12: acc=93.81% (best=94.29%), avgLoss=0.1390, lr=0.001000
    mnist_decay_sweep_test.go:212:   Epoch 13: acc=92.63% (best=94.29%), avgLoss=0.1239, lr=0.001000
    mnist_decay_sweep_test.go:212:   Epoch 14: acc=93.95% (best=94.29%), avgLoss=0.1213, lr=0.001000
    mnist_decay_sweep_test.go:212:   Epoch 15: acc=93.76% (best=94.29%), avgLoss=0.1206, lr=0.001000
    mnist_decay_sweep_test.go:212:   Epoch 16: acc=95.22% (best=95.22%), avgLoss=0.0821, lr=0.000500
    mnist_decay_sweep_test.go:212:   Epoch 17: acc=95.89% (best=95.89%), avgLoss=0.0601, lr=0.000500
    mnist_decay_sweep_test.go:212:   Epoch 18: acc=95.65% (best=95.89%), avgLoss=0.0533, lr=0.000500
    mnist_decay_sweep_test.go:212:   Epoch 19: acc=95.67% (best=95.89%), avgLoss=0.0486, lr=0.000500
    mnist_decay_sweep_test.go:212:   Epoch 20: acc=95.92% (best=95.92%), avgLoss=0.0427, lr=0.000500
    mnist_decay_sweep_test.go:217: --- β=0.76 (current default): best=95.92% ---
    mnist_decay_sweep_test.go:81: 
        --- Running: β=0.85 (moderate) (uint16=55706) ---
    mnist_decay_sweep_test.go:212:   Epoch 1: acc=91.95% (best=91.95%), avgLoss=0.5812, lr=0.001000
    mnist_decay_sweep_test.go:212:   Epoch 2: acc=93.75% (best=93.75%), avgLoss=0.2757, lr=0.001000
    mnist_decay_sweep_test.go:212:   Epoch 3: acc=95.78% (best=95.78%), avgLoss=0.2111, lr=0.001000
    mnist_decay_sweep_test.go:212:   Epoch 4: acc=92.45% (best=95.78%), avgLoss=0.2181, lr=0.001000
    mnist_decay_sweep_test.go:212:   Epoch 5: acc=91.42% (best=95.78%), avgLoss=0.1908, lr=0.001000
    mnist_decay_sweep_test.go:212:   Epoch 6: acc=92.19% (best=95.78%), avgLoss=0.1800, lr=0.001000
    mnist_decay_sweep_test.go:212:   Epoch 7: acc=94.35% (best=95.78%), avgLoss=0.1767, lr=0.001000
    mnist_decay_sweep_test.go:212:   Epoch 8: acc=89.56% (best=95.78%), avgLoss=0.1781, lr=0.001000
    mnist_decay_sweep_test.go:212:   Epoch 9: acc=93.03% (best=95.78%), avgLoss=0.1833, lr=0.001000
    mnist_decay_sweep_test.go:212:   Epoch 10: acc=92.98% (best=95.78%), avgLoss=0.1701, lr=0.001000
    mnist_decay_sweep_test.go:212:   Epoch 11: acc=94.00% (best=95.78%), avgLoss=0.1691, lr=0.001000
    mnist_decay_sweep_test.go:212:   Epoch 12: acc=89.56% (best=95.78%), avgLoss=0.1774, lr=0.001000
    mnist_decay_sweep_test.go:212:   Epoch 13: acc=92.53% (best=95.78%), avgLoss=0.1755, lr=0.001000
    mnist_decay_sweep_test.go:212:   Epoch 14: acc=92.83% (best=95.78%), avgLoss=0.1684, lr=0.001000
    mnist_decay_sweep_test.go:212:   Epoch 15: acc=93.22% (best=95.78%), avgLoss=0.1804, lr=0.001000
    mnist_decay_sweep_test.go:212:   Epoch 16: acc=93.18% (best=95.78%), avgLoss=0.1237, lr=0.000500
    mnist_decay_sweep_test.go:212:   Epoch 17: acc=94.80% (best=95.78%), avgLoss=0.0988, lr=0.000500
    mnist_decay_sweep_test.go:212:   Epoch 18: acc=94.64% (best=95.78%), avgLoss=0.0817, lr=0.000500
    mnist_decay_sweep_test.go:212:   Epoch 19: acc=95.24% (best=95.78%), avgLoss=0.0806, lr=0.000500
    mnist_decay_sweep_test.go:212:   Epoch 20: acc=95.71% (best=95.78%), avgLoss=0.0689, lr=0.000500
    mnist_decay_sweep_test.go:217: --- β=0.85 (moderate): best=95.78% ---
    mnist_decay_sweep_test.go:81: 
        --- Running: β=0.95 (slow decay) (uint16=62259) ---
    mnist_decay_sweep_test.go:212:   Epoch 1: acc=91.48% (best=91.48%), avgLoss=0.7012, lr=0.001000
    mnist_decay_sweep_test.go:212:   Epoch 2: acc=94.19% (best=94.19%), avgLoss=0.3338, lr=0.001000
    mnist_decay_sweep_test.go:212:   Epoch 3: acc=95.31% (best=95.31%), avgLoss=0.2494, lr=0.001000
    mnist_decay_sweep_test.go:212:   Epoch 4: acc=94.81% (best=95.31%), avgLoss=0.2137, lr=0.001000
    mnist_decay_sweep_test.go:212:   Epoch 5: acc=93.51% (best=95.31%), avgLoss=0.2048, lr=0.001000
    mnist_decay_sweep_test.go:212:   Epoch 6: acc=92.67% (best=95.31%), avgLoss=0.2243, lr=0.001000
    mnist_decay_sweep_test.go:212:   Epoch 7: acc=93.65% (best=95.31%), avgLoss=0.2126, lr=0.001000
    mnist_decay_sweep_test.go:212:   Epoch 8: acc=90.93% (best=95.31%), avgLoss=0.2319, lr=0.001000
    mnist_decay_sweep_test.go:212:   Epoch 9: acc=93.87% (best=95.31%), avgLoss=0.2259, lr=0.001000
    mnist_decay_sweep_test.go:212:   Epoch 10: acc=92.55% (best=95.31%), avgLoss=0.2392, lr=0.001000
    mnist_decay_sweep_test.go:212:   Epoch 11: acc=92.92% (best=95.31%), avgLoss=0.2350, lr=0.001000
    mnist_decay_sweep_test.go:212:   Epoch 12: acc=88.71% (best=95.31%), avgLoss=0.2360, lr=0.001000
    mnist_decay_sweep_test.go:212:   Epoch 13: acc=87.74% (best=95.31%), avgLoss=0.2255, lr=0.001000
    mnist_decay_sweep_test.go:212:   Epoch 14: acc=91.70% (best=95.31%), avgLoss=0.2423, lr=0.001000
    mnist_decay_sweep_test.go:212:   Epoch 15: acc=91.84% (best=95.31%), avgLoss=0.2386, lr=0.001000
    mnist_decay_sweep_test.go:212:   Epoch 16: acc=92.36% (best=95.31%), avgLoss=0.1642, lr=0.000500
    mnist_decay_sweep_test.go:212:   Epoch 17: acc=92.81% (best=95.31%), avgLoss=0.1418, lr=0.000500
    mnist_decay_sweep_test.go:212:   Epoch 18: acc=92.96% (best=95.31%), avgLoss=0.1246, lr=0.000500
    mnist_decay_sweep_test.go:212:   Epoch 19: acc=94.99% (best=95.31%), avgLoss=0.1086, lr=0.000500
    mnist_decay_sweep_test.go:212:   Epoch 20: acc=93.65% (best=95.31%), avgLoss=0.1019, lr=0.000500
    mnist_decay_sweep_test.go:217: --- β=0.95 (slow decay): best=95.31% ---
    mnist_decay_sweep_test.go:221: 
        ========== SUMMARY ==========
    mnist_decay_sweep_test.go:222: Config                              Ep5     Ep10     Ep15     Ep20     Best
    mnist_decay_sweep_test.go:224: ------                              ---     ----     ----     ----     ----
    mnist_decay_sweep_test.go:229: β=0.50 (very leaky)               9.80%    9.80%    9.80%    9.80%    9.80%
    mnist_decay_sweep_test.go:229: β=0.61 (leaky)                   81.77%   89.28%   91.66%   93.22%   93.22%
    mnist_decay_sweep_test.go:229: β=0.76 (current default)         91.27%   92.93%   93.76%   95.92%   95.92%
    mnist_decay_sweep_test.go:229: β=0.85 (moderate)                91.42%   92.98%   93.22%   95.71%   95.78%
    mnist_decay_sweep_test.go:229: β=0.95 (slow decay)              93.51%   92.55%   91.84%   93.65%   95.31%
    mnist_decay_sweep_test.go:236: 
        Winner: β=0.76 (current default) (95.92%)
    mnist_decay_sweep_test.go:237: Current default (β=0.76): 95.92%
    mnist_decay_sweep_test.go:240: Improvement over default: +0.00%
    mnist_decay_sweep_test.go:247: ✓ Current default is optimal (or tied)
    mnist_decay_sweep_test.go:251: 
        --- CSV ---
    mnist_decay_sweep_test.go:252: beta,ep5,ep10,ep15,ep20,best
    mnist_decay_sweep_test.go:254: 0.5000,0.0980,0.0980,0.0980,0.0980,0.0980
    mnist_decay_sweep_test.go:254: 0.6104,0.8177,0.8928,0.9166,0.9322,0.9322
    mnist_decay_sweep_test.go:254: 0.7629,0.9127,0.9293,0.9376,0.9592,0.9592
    mnist_decay_sweep_test.go:254: 0.8500,0.9142,0.9298,0.9322,0.9571,0.9578
    mnist_decay_sweep_test.go:254: 0.9500,0.9351,0.9255,0.9184,0.9365,0.9531
--- PASS: TestMNISTDecaySweep (4052.10s)
PASS
ok  	github.com/clockworksoul/sparksnn/benchmark/mnist	4052.699s
