=== RUN   TestFashionMNISTDeep
    fashionmnist_deep_test.go:28: Loaded 60000 training, 10000 test samples
    fashionmnist_deep_test.go:109: Network: 1178 neurons, 70949 connections
    fashionmnist_deep_test.go:110: Architecture: 784 → 256 → 128 → 10 (30% sparse hidden layers)
    fashionmnist_deep_test.go:181:   Per-class accuracy:
    fashionmnist_deep_test.go:184:     0 (T-shirt/top): 86.2% (862/1000)
    fashionmnist_deep_test.go:184:     1 (Trouser): 88.7% (887/1000)
    fashionmnist_deep_test.go:184:     2 (Pullover): 43.0% (430/1000)
    fashionmnist_deep_test.go:184:     3 (Dress): 67.8% (678/1000)
    fashionmnist_deep_test.go:184:     4 (Coat): 68.4% (684/1000)
    fashionmnist_deep_test.go:184:     5 (Sandal): 50.0% (500/1000)
    fashionmnist_deep_test.go:184:     6 (Shirt): 12.5% (125/1000)
    fashionmnist_deep_test.go:184:     7 (Sneaker): 68.1% (681/1000)
    fashionmnist_deep_test.go:184:     8 (Bag): 82.2% (822/1000)
    fashionmnist_deep_test.go:184:     9 (Ankle boot): 79.9% (799/1000)
    fashionmnist_deep_test.go:189: Epoch 1: acc=64.68% (best=64.68%), avgLoss=1.1854, lr=0.000100
    fashionmnist_deep_test.go:181:   Per-class accuracy:
    fashionmnist_deep_test.go:184:     0 (T-shirt/top): 82.1% (821/1000)
    fashionmnist_deep_test.go:184:     1 (Trouser): 90.0% (900/1000)
    fashionmnist_deep_test.go:184:     2 (Pullover): 62.9% (629/1000)
    fashionmnist_deep_test.go:184:     3 (Dress): 74.3% (743/1000)
    fashionmnist_deep_test.go:184:     4 (Coat): 64.5% (645/1000)
    fashionmnist_deep_test.go:184:     5 (Sandal): 67.6% (676/1000)
    fashionmnist_deep_test.go:184:     6 (Shirt): 18.6% (186/1000)
    fashionmnist_deep_test.go:184:     7 (Sneaker): 72.9% (729/1000)
    fashionmnist_deep_test.go:184:     8 (Bag): 81.7% (817/1000)
    fashionmnist_deep_test.go:184:     9 (Ankle boot): 84.8% (848/1000)
    fashionmnist_deep_test.go:189: Epoch 2: acc=69.94% (best=69.94%), avgLoss=0.8887, lr=0.000100
    fashionmnist_deep_test.go:181:   Per-class accuracy:
    fashionmnist_deep_test.go:184:     0 (T-shirt/top): 77.2% (772/1000)
    fashionmnist_deep_test.go:184:     1 (Trouser): 91.5% (915/1000)
    fashionmnist_deep_test.go:184:     2 (Pullover): 70.9% (709/1000)
    fashionmnist_deep_test.go:184:     3 (Dress): 76.1% (761/1000)
    fashionmnist_deep_test.go:184:     4 (Coat): 70.1% (701/1000)
    fashionmnist_deep_test.go:184:     5 (Sandal): 72.9% (729/1000)
    fashionmnist_deep_test.go:184:     6 (Shirt): 12.6% (126/1000)
    fashionmnist_deep_test.go:184:     7 (Sneaker): 76.9% (769/1000)
    fashionmnist_deep_test.go:184:     8 (Bag): 86.9% (869/1000)
    fashionmnist_deep_test.go:184:     9 (Ankle boot): 87.1% (871/1000)
    fashionmnist_deep_test.go:189: Epoch 3: acc=72.22% (best=72.22%), avgLoss=0.8107, lr=0.000100
    fashionmnist_deep_test.go:189: Epoch 4: acc=71.39% (best=72.22%), avgLoss=0.7880, lr=0.000100
    fashionmnist_deep_test.go:189: Epoch 5: acc=71.90% (best=72.22%), avgLoss=0.7931, lr=0.000100
    fashionmnist_deep_test.go:181:   Per-class accuracy:
    fashionmnist_deep_test.go:184:     0 (T-shirt/top): 84.3% (843/1000)
    fashionmnist_deep_test.go:184:     1 (Trouser): 93.7% (937/1000)
    fashionmnist_deep_test.go:184:     2 (Pullover): 64.8% (648/1000)
    fashionmnist_deep_test.go:184:     3 (Dress): 73.1% (731/1000)
    fashionmnist_deep_test.go:184:     4 (Coat): 52.4% (524/1000)
    fashionmnist_deep_test.go:184:     5 (Sandal): 82.1% (821/1000)
    fashionmnist_deep_test.go:184:     6 (Shirt): 23.9% (239/1000)
    fashionmnist_deep_test.go:184:     7 (Sneaker): 80.5% (805/1000)
    fashionmnist_deep_test.go:184:     8 (Bag): 80.3% (803/1000)
    fashionmnist_deep_test.go:184:     9 (Ankle boot): 88.0% (880/1000)
    fashionmnist_deep_test.go:189: Epoch 6: acc=72.31% (best=72.31%), avgLoss=0.8086, lr=0.000100
    fashionmnist_deep_test.go:189: Epoch 7: acc=68.88% (best=72.31%), avgLoss=0.8255, lr=0.000100
    fashionmnist_deep_test.go:189: Epoch 8: acc=64.04% (best=72.31%), avgLoss=0.8304, lr=0.000100
    fashionmnist_deep_test.go:189: Epoch 9: acc=67.65% (best=72.31%), avgLoss=0.8348, lr=0.000100
    fashionmnist_deep_test.go:189: Epoch 10: acc=69.17% (best=72.31%), avgLoss=0.8413, lr=0.000100
    fashionmnist_deep_test.go:189: Epoch 11: acc=65.91% (best=72.31%), avgLoss=0.8495, lr=0.000100
    fashionmnist_deep_test.go:189: Epoch 12: acc=65.48% (best=72.31%), avgLoss=0.8432, lr=0.000100
    fashionmnist_deep_test.go:189: Epoch 13: acc=70.28% (best=72.31%), avgLoss=0.8438, lr=0.000100
    fashionmnist_deep_test.go:189: Epoch 14: acc=66.48% (best=72.31%), avgLoss=0.8276, lr=0.000100
    fashionmnist_deep_test.go:189: Epoch 15: acc=69.88% (best=72.31%), avgLoss=0.8149, lr=0.000100
    fashionmnist_deep_test.go:189: Epoch 16: acc=70.69% (best=72.31%), avgLoss=0.7494, lr=0.000050
    fashionmnist_deep_test.go:189: Epoch 17: acc=69.65% (best=72.31%), avgLoss=0.7371, lr=0.000050
    fashionmnist_deep_test.go:181:   Per-class accuracy:
    fashionmnist_deep_test.go:184:     0 (T-shirt/top): 76.8% (768/1000)
    fashionmnist_deep_test.go:184:     1 (Trouser): 93.4% (934/1000)
    fashionmnist_deep_test.go:184:     2 (Pullover): 64.5% (645/1000)
    fashionmnist_deep_test.go:184:     3 (Dress): 77.6% (776/1000)
    fashionmnist_deep_test.go:184:     4 (Coat): 67.6% (676/1000)
    fashionmnist_deep_test.go:184:     5 (Sandal): 86.5% (865/1000)
    fashionmnist_deep_test.go:184:     6 (Shirt): 18.7% (187/1000)
    fashionmnist_deep_test.go:184:     7 (Sneaker): 80.6% (806/1000)
    fashionmnist_deep_test.go:184:     8 (Bag): 81.7% (817/1000)
    fashionmnist_deep_test.go:184:     9 (Ankle boot): 78.8% (788/1000)
    fashionmnist_deep_test.go:189: Epoch 18: acc=72.62% (best=72.62%), avgLoss=0.7320, lr=0.000050
    fashionmnist_deep_test.go:189: Epoch 19: acc=71.27% (best=72.62%), avgLoss=0.7231, lr=0.000050
    fashionmnist_deep_test.go:189: Epoch 20: acc=71.70% (best=72.62%), avgLoss=0.7220, lr=0.000050
    fashionmnist_deep_test.go:189: Epoch 21: acc=69.94% (best=72.62%), avgLoss=0.7210, lr=0.000050
    fashionmnist_deep_test.go:189: Epoch 22: acc=70.91% (best=72.62%), avgLoss=0.7251, lr=0.000050
    fashionmnist_deep_test.go:189: Epoch 23: acc=71.43% (best=72.62%), avgLoss=0.7215, lr=0.000050
    fashionmnist_deep_test.go:181:   Per-class accuracy:
    fashionmnist_deep_test.go:184:     0 (T-shirt/top): 81.4% (814/1000)
    fashionmnist_deep_test.go:184:     1 (Trouser): 94.0% (940/1000)
    fashionmnist_deep_test.go:184:     2 (Pullover): 68.9% (689/1000)
    fashionmnist_deep_test.go:184:     3 (Dress): 73.3% (733/1000)
    fashionmnist_deep_test.go:184:     4 (Coat): 56.0% (560/1000)
    fashionmnist_deep_test.go:184:     5 (Sandal): 83.0% (830/1000)
    fashionmnist_deep_test.go:184:     6 (Shirt): 22.8% (228/1000)
    fashionmnist_deep_test.go:184:     7 (Sneaker): 86.8% (868/1000)
    fashionmnist_deep_test.go:184:     8 (Bag): 82.1% (821/1000)
    fashionmnist_deep_test.go:184:     9 (Ankle boot): 81.4% (814/1000)
    fashionmnist_deep_test.go:189: Epoch 24: acc=72.97% (best=72.97%), avgLoss=0.7130, lr=0.000050
    fashionmnist_deep_test.go:189: Epoch 25: acc=71.46% (best=72.97%), avgLoss=0.7104, lr=0.000050
    fashionmnist_deep_test.go:189: Epoch 26: acc=72.60% (best=72.97%), avgLoss=0.6962, lr=0.000050
    fashionmnist_deep_test.go:189: Epoch 27: acc=70.96% (best=72.97%), avgLoss=0.6889, lr=0.000050
    fashionmnist_deep_test.go:181:   Per-class accuracy:
    fashionmnist_deep_test.go:184:     0 (T-shirt/top): 78.5% (785/1000)
    fashionmnist_deep_test.go:184:     1 (Trouser): 93.7% (937/1000)
    fashionmnist_deep_test.go:184:     2 (Pullover): 70.3% (703/1000)
    fashionmnist_deep_test.go:184:     3 (Dress): 74.4% (744/1000)
    fashionmnist_deep_test.go:184:     4 (Coat): 65.4% (654/1000)
    fashionmnist_deep_test.go:184:     5 (Sandal): 82.4% (824/1000)
    fashionmnist_deep_test.go:184:     6 (Shirt): 20.1% (201/1000)
    fashionmnist_deep_test.go:184:     7 (Sneaker): 85.6% (856/1000)
    fashionmnist_deep_test.go:184:     8 (Bag): 80.4% (804/1000)
    fashionmnist_deep_test.go:184:     9 (Ankle boot): 82.6% (826/1000)
    fashionmnist_deep_test.go:189: Epoch 28: acc=73.34% (best=73.34%), avgLoss=0.6857, lr=0.000050
    fashionmnist_deep_test.go:181:   Per-class accuracy:
    fashionmnist_deep_test.go:184:     0 (T-shirt/top): 81.2% (812/1000)
    fashionmnist_deep_test.go:184:     1 (Trouser): 93.1% (931/1000)
    fashionmnist_deep_test.go:184:     2 (Pullover): 69.4% (694/1000)
    fashionmnist_deep_test.go:184:     3 (Dress): 69.4% (694/1000)
    fashionmnist_deep_test.go:184:     4 (Coat): 62.8% (628/1000)
    fashionmnist_deep_test.go:184:     5 (Sandal): 84.1% (841/1000)
    fashionmnist_deep_test.go:184:     6 (Shirt): 22.7% (227/1000)
    fashionmnist_deep_test.go:184:     7 (Sneaker): 85.8% (858/1000)
    fashionmnist_deep_test.go:184:     8 (Bag): 81.3% (813/1000)
    fashionmnist_deep_test.go:184:     9 (Ankle boot): 83.9% (839/1000)
    fashionmnist_deep_test.go:189: Epoch 29: acc=73.37% (best=73.37%), avgLoss=0.6783, lr=0.000050
    fashionmnist_deep_test.go:181:   Per-class accuracy:
    fashionmnist_deep_test.go:184:     0 (T-shirt/top): 82.1% (821/1000)
    fashionmnist_deep_test.go:184:     1 (Trouser): 92.2% (922/1000)
    fashionmnist_deep_test.go:184:     2 (Pullover): 68.2% (682/1000)
    fashionmnist_deep_test.go:184:     3 (Dress): 70.7% (707/1000)
    fashionmnist_deep_test.go:184:     4 (Coat): 62.0% (620/1000)
    fashionmnist_deep_test.go:184:     5 (Sandal): 86.6% (866/1000)
    fashionmnist_deep_test.go:184:     6 (Shirt): 25.7% (257/1000)
    fashionmnist_deep_test.go:184:     7 (Sneaker): 83.2% (832/1000)
    fashionmnist_deep_test.go:184:     8 (Bag): 82.0% (820/1000)
    fashionmnist_deep_test.go:184:     9 (Ankle boot): 81.8% (818/1000)
    fashionmnist_deep_test.go:189: Epoch 30: acc=73.45% (best=73.45%), avgLoss=0.6748, lr=0.000050
    fashionmnist_deep_test.go:181:   Per-class accuracy:
    fashionmnist_deep_test.go:184:     0 (T-shirt/top): 80.4% (804/1000)
    fashionmnist_deep_test.go:184:     1 (Trouser): 93.0% (930/1000)
    fashionmnist_deep_test.go:184:     2 (Pullover): 73.6% (736/1000)
    fashionmnist_deep_test.go:184:     3 (Dress): 75.8% (758/1000)
    fashionmnist_deep_test.go:184:     4 (Coat): 60.1% (601/1000)
    fashionmnist_deep_test.go:184:     5 (Sandal): 87.2% (872/1000)
    fashionmnist_deep_test.go:184:     6 (Shirt): 25.5% (255/1000)
    fashionmnist_deep_test.go:184:     7 (Sneaker): 83.2% (832/1000)
    fashionmnist_deep_test.go:184:     8 (Bag): 81.0% (810/1000)
    fashionmnist_deep_test.go:184:     9 (Ankle boot): 77.8% (778/1000)
    fashionmnist_deep_test.go:189: Epoch 31: acc=73.76% (best=73.76%), avgLoss=0.6508, lr=0.000025
    fashionmnist_deep_test.go:181:   Per-class accuracy:
    fashionmnist_deep_test.go:184:     0 (T-shirt/top): 80.1% (801/1000)
    fashionmnist_deep_test.go:184:     1 (Trouser): 93.2% (932/1000)
    fashionmnist_deep_test.go:184:     2 (Pullover): 70.6% (706/1000)
    fashionmnist_deep_test.go:184:     3 (Dress): 77.6% (776/1000)
    fashionmnist_deep_test.go:184:     4 (Coat): 61.3% (613/1000)
    fashionmnist_deep_test.go:184:     5 (Sandal): 87.0% (870/1000)
    fashionmnist_deep_test.go:184:     6 (Shirt): 27.8% (278/1000)
    fashionmnist_deep_test.go:184:     7 (Sneaker): 83.9% (839/1000)
    fashionmnist_deep_test.go:184:     8 (Bag): 82.5% (825/1000)
    fashionmnist_deep_test.go:184:     9 (Ankle boot): 79.9% (799/1000)
    fashionmnist_deep_test.go:189: Epoch 32: acc=74.39% (best=74.39%), avgLoss=0.6429, lr=0.000025
    fashionmnist_deep_test.go:189: Epoch 33: acc=73.84% (best=74.39%), avgLoss=0.6407, lr=0.000025
    fashionmnist_deep_test.go:181:   Per-class accuracy:
    fashionmnist_deep_test.go:184:     0 (T-shirt/top): 79.5% (795/1000)
    fashionmnist_deep_test.go:184:     1 (Trouser): 93.1% (931/1000)
    fashionmnist_deep_test.go:184:     2 (Pullover): 72.1% (721/1000)
    fashionmnist_deep_test.go:184:     3 (Dress): 74.3% (743/1000)
    fashionmnist_deep_test.go:184:     4 (Coat): 57.6% (576/1000)
    fashionmnist_deep_test.go:184:     5 (Sandal): 88.6% (886/1000)
    fashionmnist_deep_test.go:184:     6 (Shirt): 32.0% (320/1000)
    fashionmnist_deep_test.go:184:     7 (Sneaker): 84.6% (846/1000)
    fashionmnist_deep_test.go:184:     8 (Bag): 81.7% (817/1000)
    fashionmnist_deep_test.go:184:     9 (Ankle boot): 80.8% (808/1000)
    fashionmnist_deep_test.go:189: Epoch 34: acc=74.43% (best=74.43%), avgLoss=0.6382, lr=0.000025
    fashionmnist_deep_test.go:181:   Per-class accuracy:
    fashionmnist_deep_test.go:184:     0 (T-shirt/top): 80.5% (805/1000)
    fashionmnist_deep_test.go:184:     1 (Trouser): 94.5% (945/1000)
    fashionmnist_deep_test.go:184:     2 (Pullover): 70.1% (701/1000)
    fashionmnist_deep_test.go:184:     3 (Dress): 74.4% (744/1000)
    fashionmnist_deep_test.go:184:     4 (Coat): 65.8% (658/1000)
    fashionmnist_deep_test.go:184:     5 (Sandal): 85.6% (856/1000)
    fashionmnist_deep_test.go:184:     6 (Shirt): 28.8% (288/1000)
    fashionmnist_deep_test.go:184:     7 (Sneaker): 87.1% (871/1000)
    fashionmnist_deep_test.go:184:     8 (Bag): 84.4% (844/1000)
    fashionmnist_deep_test.go:184:     9 (Ankle boot): 82.4% (824/1000)
    fashionmnist_deep_test.go:189: Epoch 35: acc=75.36% (best=75.36%), avgLoss=0.6329, lr=0.000025
    fashionmnist_deep_test.go:181:   Per-class accuracy:
    fashionmnist_deep_test.go:184:     0 (T-shirt/top): 80.6% (806/1000)
    fashionmnist_deep_test.go:184:     1 (Trouser): 94.1% (941/1000)
    fashionmnist_deep_test.go:184:     2 (Pullover): 70.2% (702/1000)
    fashionmnist_deep_test.go:184:     3 (Dress): 73.9% (739/1000)
    fashionmnist_deep_test.go:184:     4 (Coat): 67.9% (679/1000)
    fashionmnist_deep_test.go:184:     5 (Sandal): 85.6% (856/1000)
    fashionmnist_deep_test.go:184:     6 (Shirt): 28.4% (284/1000)
    fashionmnist_deep_test.go:184:     7 (Sneaker): 86.2% (862/1000)
    fashionmnist_deep_test.go:184:     8 (Bag): 84.9% (849/1000)
    fashionmnist_deep_test.go:184:     9 (Ankle boot): 82.4% (824/1000)
    fashionmnist_deep_test.go:189: Epoch 36: acc=75.42% (best=75.42%), avgLoss=0.6311, lr=0.000025
    fashionmnist_deep_test.go:189: Epoch 37: acc=74.97% (best=75.42%), avgLoss=0.6306, lr=0.000025
    fashionmnist_deep_test.go:189: Epoch 38: acc=74.67% (best=75.42%), avgLoss=0.6299, lr=0.000025
    fashionmnist_deep_test.go:189: Epoch 39: acc=73.84% (best=75.42%), avgLoss=0.6265, lr=0.000025
    fashionmnist_deep_test.go:189: Epoch 40: acc=74.25% (best=75.42%), avgLoss=0.6182, lr=0.000025
    fashionmnist_deep_test.go:189: Epoch 41: acc=74.94% (best=75.42%), avgLoss=0.6168, lr=0.000025
    fashionmnist_deep_test.go:189: Epoch 42: acc=73.44% (best=75.42%), avgLoss=0.6180, lr=0.000025
    fashionmnist_deep_test.go:189: Epoch 43: acc=74.52% (best=75.42%), avgLoss=0.6192, lr=0.000025
    fashionmnist_deep_test.go:189: Epoch 44: acc=74.59% (best=75.42%), avgLoss=0.6143, lr=0.000025
    fashionmnist_deep_test.go:189: Epoch 45: acc=74.28% (best=75.42%), avgLoss=0.6169, lr=0.000025
    fashionmnist_deep_test.go:189: Epoch 46: acc=74.96% (best=75.42%), avgLoss=0.6055, lr=0.000013
    fashionmnist_deep_test.go:181:   Per-class accuracy:
    fashionmnist_deep_test.go:184:     0 (T-shirt/top): 80.5% (805/1000)
    fashionmnist_deep_test.go:184:     1 (Trouser): 93.8% (938/1000)
    fashionmnist_deep_test.go:184:     2 (Pullover): 69.3% (693/1000)
    fashionmnist_deep_test.go:184:     3 (Dress): 72.4% (724/1000)
    fashionmnist_deep_test.go:184:     4 (Coat): 66.1% (661/1000)
    fashionmnist_deep_test.go:184:     5 (Sandal): 87.3% (873/1000)
    fashionmnist_deep_test.go:184:     6 (Shirt): 32.1% (321/1000)
    fashionmnist_deep_test.go:184:     7 (Sneaker): 81.8% (818/1000)
    fashionmnist_deep_test.go:184:     8 (Bag): 85.5% (855/1000)
    fashionmnist_deep_test.go:184:     9 (Ankle boot): 86.8% (868/1000)
    fashionmnist_deep_test.go:189: Epoch 47: acc=75.56% (best=75.56%), avgLoss=0.6018, lr=0.000013
    fashionmnist_deep_test.go:189: Epoch 48: acc=74.90% (best=75.56%), avgLoss=0.5970, lr=0.000013
    fashionmnist_deep_test.go:189: Epoch 49: acc=75.45% (best=75.56%), avgLoss=0.6015, lr=0.000013
    fashionmnist_deep_test.go:189: Epoch 50: acc=74.92% (best=75.56%), avgLoss=0.5978, lr=0.000013
    fashionmnist_deep_test.go:193: 
        Final best accuracy: 75.56%
    fashionmnist_deep_test.go:194: Single-layer reference: 77.98% (784→512, 30% sparse, 60 epochs)
    fashionmnist_deep_test.go:197: 
        Class names: [T-shirt/top Trouser Pullover Dress Coat Sandal Shirt Sneaker Bag Ankle boot]
    fashionmnist_deep_test.go:203: ⚠ Depth did not help: 75.56% vs 77.98% single-layer
--- PASS: TestFashionMNISTDeep (5773.21s)
PASS
ok  	github.com/clockworksoul/sparksnn/benchmark/fashionmnist	5773.509s
